Example Usage:

Mark member1 as off (0) on 2024-01-30:
$ python modify_working_day.py 20240130 member1 0

Mark member2 as working (1) on a Saturday with override:
$ python modify_working_day.py 20240127 member2 1 --allow_weekend_override

Attempt to mark member3 as working on a weekend without override (will fail):
$ python modify_working_day.py 20240128 member3 1

----

Output Examples:

Success:
Successfully updated member1 on 2024-01-30 to off.

Error:
Error: Cannot mark a weekend (Sunday) as a working day without override enabled.

----

Print Report:
$ python team_calendar_util.py --start_date 20240101 --end_date 20241231 --print_report

Purge a Member:
$ python team_calendar_util.py --purge_member member2

Get Total Working Days for a Specific Member:
$ python team_calendar_util.py --start_date 20240101 --end_date 20241231 --member member1

Get Total Working Days for All Members:
$ python team_calendar_util.py --start_date 20240101 --end_date 20241231